F0_LOCAL_EXECUTION_HEAD=b6fd47ffe014d9de65d4d2897e0202966e35e9cf
F0_PUBLIC_BRANCH_HEAD=b6fd47ffe014d9de65d4d2897e0202966e35e9cf
F0_PUBLIC_REF=refs/heads/agent/mazur-rhin-anchored-cold-gate-v4
F0_PUBLIC_HEAD_EQUALS_LOCAL=PASS
F0_PUBLIC_BRANCH_RECEIPT_AT_EXECUTION=EXACT_MATCH
F0_PUBLIC_TAG_OBJECT=3909124180a931f16e01202926810e56e3a699b8
F0_PUBLIC_TAG_PEELED=b6fd47ffe014d9de65d4d2897e0202966e35e9cf
F0_PUBLIC_ANNOTATED_TAG=PASS
F0_PUBLIC_TAG_RECEIPT_AT_EXECUTION=EXACT_MATCH
F0_PRE_RUN_HASH_BINDINGS=PASS
F0_CUSTODY_TRACKED_DIFF=EMPTY
F0_RECONSTRUCTION_COMMIT=PASS
F0_RECONSTRUCTION_TRACKED_DIFF=EMPTY
F0_UNTRACKED_SCOPE=EXPECTED_ONLY
F0_CANDIDATE_HASHES=PASS
F0_CANDIDATE_BYTE_IDENTITY=PASS
F0_TOOLCHAIN=leanprover/lean4:v4.30.0
F0_MATHLIB_MANIFEST_REV=c5ea00351c28e24afc9f0f84379aa41082b1188f
F0_RECONSTRUCTION_LAKE=ABSENT
F0_DEDICATED_CACHE=/Users/MoiTam/Documents/New project/coordinated/hilo1-fusion/.rhin-v4-mathlib-cache
F0_DEDICATED_CACHE_STATE=ABSENT
F0_AMBIENT_MATHLIB_CACHE_DIR=UNSET
F0_AVAILABLE_KB=42953124
F0_DISK_MINIMUM_20_GIB=PASS
F0_EXECUTOR_LOCK=/Users/MoiTam/Documents/New project/coordinated/hilo1-fusion/.rhin-v4-executor.lock
F0_EXECUTOR_LOCK_HELD=PASS
F0_PROCESS_AUDIT_RECEIPT=/Users/MoiTam/Documents/New project/coordinated/hilo1-fusion/custody-repo/artifacts/mazur-rhin-anchored-ca3/rhin-v4-logs/Q0_before_F0_process_audit.full.log
F0_IMMEDIATELY_PRECEDING_PROCESS_AUDIT=PASS
F0_LATER_PHASE_LOGS=ABSENT
F0_LEFT_RECONSTRUCTION_COLD=PASS
F0_PREFLIGHT=PASS
real 1.39
user 0.20
sys 0.14
